[15-Jun-2026 11:16:08 America/New_York] PHP Fatal error:  Uncaught Error: Object of class DateTime could not be converted to string in C:\xampp\htdocs\ControlPermisos\output\include\permisos_funcionarios_events.php:2151
Stack trace:
#0 C:\xampp\htdocs\ControlPermisos\output\classes\addpage.php(580): eventclass_permisos_funcionarios->BeforeAdd(Array, Array, '', false, Object(AddPage))
#1 C:\xampp\htdocs\ControlPermisos\output\classes\addpage.php(398): AddPage->callBeforeAddEvent()
#2 C:\xampp\htdocs\ControlPermisos\output\classes\addpage.php(330): AddPage->processDataInput()
#3 C:\xampp\htdocs\ControlPermisos\output\permisos_funcionarios_add.php(107): AddPage->process()
#4 {main}
  thrown in C:\xampp\htdocs\ControlPermisos\output\include\permisos_funcionarios_events.php on line 2151
[15-Jun-2026 11:23:29 America/New_York] PHP Fatal error:  Uncaught Error: Object of class DateTime could not be converted to string in C:\xampp\htdocs\ControlPermisos\output\include\permisos_funcionarios_events.php:2159
Stack trace:
#0 C:\xampp\htdocs\ControlPermisos\output\classes\addpage.php(580): eventclass_permisos_funcionarios->BeforeAdd(Array, Array, '', false, Object(AddPage))
#1 C:\xampp\htdocs\ControlPermisos\output\classes\addpage.php(398): AddPage->callBeforeAddEvent()
#2 C:\xampp\htdocs\ControlPermisos\output\classes\addpage.php(330): AddPage->processDataInput()
#3 C:\xampp\htdocs\ControlPermisos\output\permisos_funcionarios_add.php(107): AddPage->process()
#4 {main}
  thrown in C:\xampp\htdocs\ControlPermisos\output\include\permisos_funcionarios_events.php on line 2159
[15-Jun-2026 12:03:29 America/New_York] Error al enviar email a: franciscocuevas@mtess.gov.py
[15-Jun-2026 12:03:29 America/New_York] Error al enviar correo para permiso ID: 231
[15-Jun-2026 12:08:21 America/New_York] Error al enviar email a: franciscocuevas@mtess.gov.py
[15-Jun-2026 12:08:21 America/New_York] Error al enviar correo para permiso ID: 232
[15-Jun-2026 12:24:14 America/New_York] PHP Parse error:  syntax error, unexpected 'debug_to_console' (T_STRING) in C:\xampp\htdocs\ControlPermisos\output\include\permisos_funcionarios_events.php on line 2078
[15-Jun-2026 12:24:57 America/New_York] PHP Parse error:  syntax error, unexpected 'debug_to_console' (T_STRING) in C:\xampp\htdocs\ControlPermisos\output\include\permisos_funcionarios_events.php on line 2078
[15-Jun-2026 13:07:23 America/New_York] Error al enviar email a: franciscocuevas@mtess.gov.py
[15-Jun-2026 13:07:23 America/New_York] Error al enviar correo para permiso ID: 233
[15-Jun-2026 13:24:22 America/New_York] Error al enviar email a: franciscocuevas@mtess.gov.py
[15-Jun-2026 13:24:22 America/New_York] Error al enviar correo para permiso ID: 234
[15-Jun-2026 13:29:59 America/New_York] Error al enviar email a: franciscocuevas@mtess.gov.py
[15-Jun-2026 13:29:59 America/New_York] Error al enviar correo para permiso ID: 235
[15-Jun-2026 13:30:27 America/New_York] Error al enviar email a: franciscocuevas@mtess.gov.py
[15-Jun-2026 13:30:27 America/New_York] Error al enviar correo para permiso ID: 236
[15-Jun-2026 13:30:53 America/New_York] Error al enviar email a: franciscocuevas@mtess.gov.py
[15-Jun-2026 13:30:53 America/New_York] Error al enviar correo para permiso ID: 237
[15-Jun-2026 13:53:09 America/New_York] Error al enviar email a: franciscocuevas@mtess.gov.py
[15-Jun-2026 13:53:09 America/New_York] Error al enviar correo para permiso ID: 238
[15-Jun-2026 14:05:46 America/New_York] PHP Fatal error:  Uncaught Error: Object of class DateTime could not be converted to string in C:\xampp\htdocs\ControlPermisos\output\include\permisos_funcionarios_events.php:2175
Stack trace:
#0 C:\xampp\htdocs\ControlPermisos\output\include\permisos_funcionarios_events.php(2242): calcularFechaLimiteLaboral(Object(DateTime), '24')
#1 C:\xampp\htdocs\ControlPermisos\output\classes\addpage.php(580): eventclass_permisos_funcionarios->BeforeAdd(Array, Array, '', false, Object(AddPage))
#2 C:\xampp\htdocs\ControlPermisos\output\classes\addpage.php(398): AddPage->callBeforeAddEvent()
#3 C:\xampp\htdocs\ControlPermisos\output\classes\addpage.php(330): AddPage->processDataInput()
#4 C:\xampp\htdocs\ControlPermisos\output\permisos_funcionarios_add.php(107): AddPage->process()
#5 {main}
  thrown in C:\xampp\htdocs\ControlPermisos\output\include\permisos_funcionarios_events.php on line 2175
[15-Jun-2026 14:06:49 America/New_York] Error al enviar email a: franciscocuevas@mtess.gov.py
[15-Jun-2026 14:06:49 America/New_York] Error al enviar correo para permiso ID: 239
[15-Jun-2026 14:08:47 America/New_York] Error al enviar email a: franciscocuevas@mtess.gov.py
[15-Jun-2026 14:08:47 America/New_York] Error al enviar correo para permiso ID: 240
[15-Jun-2026 14:11:29 America/New_York] Error al enviar email a: franciscocuevas@mtess.gov.py
[15-Jun-2026 14:11:29 America/New_York] Error al enviar correo para permiso ID: 241
[15-Jun-2026 06:37:36 America/New_York] Error al enviar email a: franciscocuevas@mtess.gov.py
[15-Jun-2026 06:37:36 America/New_York] Error al enviar correo para permiso ID: 242
[16-Jun-2026 06:43:24 America/New_York] Error al enviar email a: franciscocuevas@mtess.gov.py
[16-Jun-2026 06:43:24 America/New_York] Error al enviar correo para permiso ID: 243
[16-Jun-2026 11:00:17 America/New_York] PHP Fatal error:  Cannot redeclare debug_to_console() (previously declared in C:\xampp\htdocs\ControlPermisos\output\include\vacacion_events.php:1495) in C:\xampp\htdocs\ControlPermisos\output\include\vacacion_events.php on line 186
[16-Jun-2026 11:59:21 America/New_York] PHP Fatal error:  Cannot redeclare debug_to_console() (previously declared in C:\xampp\htdocs\ControlPermisos\output\include\vacacion_events.php:1495) in C:\xampp\htdocs\ControlPermisos\output\include\vacacion_events.php on line 186
[16-Jun-2026 12:14:42 America/New_York] PHP Fatal error:  Cannot redeclare debug_to_console() (previously declared in C:\xampp\htdocs\ControlPermisos\output\include\vacacion_events.php:1495) in C:\xampp\htdocs\ControlPermisos\output\include\vacacion_events.php on line 186
[16-Jun-2026 13:22:01 America/New_York] PHP Fatal error:  Cannot redeclare debug_to_console() (previously declared in C:\xampp\htdocs\ControlPermisos\output\include\vacacion_events.php:362) in C:\xampp\htdocs\ControlPermisos\output\include\vacacion_events.php on line 186
[16-Jun-2026 13:29:20 America/New_York] Error al enviar email a: franciscocuevas@mtess.gov.py
[16-Jun-2026 13:29:20 America/New_York] Error al enviar correo para permiso ID: 246
[16-Jun-2026 13:29:20 America/New_York] PHP Fatal error:  Cannot redeclare debug_to_console() (previously declared in C:\xampp\htdocs\ControlPermisos\output\include\vacacion_events.php:362) in C:\xampp\htdocs\ControlPermisos\output\include\vacacion_events.php on line 186
[17-Jun-2026 09:27:30 America/New_York] PHP Fatal error:  Cannot redeclare debug_to_console() (previously declared in C:\xampp\htdocs\ControlPermisos\output\include\vacacion_events.php:362) in C:\xampp\htdocs\ControlPermisos\output\include\vacacion_events.php on line 186
[19-Jun-2026 07:40:17 America/New_York] Error al enviar email a: franciscocuevas@mtess.gov.py
[19-Jun-2026 07:40:17 America/New_York] Error al enviar correo para permiso ID: 265
